{
    "Should call son's haplotype correctly": {
        "content": [
            {
                "0": [
                    "reads_son.bam.g.vcf:md5,429406f5339e4d36691164be3ddfc27f"
                ],
                "1": [
                    "reads_son.bam.g.vcf.idx:md5,7486a1741f1e657c1bd3d601832751a2"
                ],
                "idx": [
                    "reads_son.bam.g.vcf.idx:md5,7486a1741f1e657c1bd3d601832751a2"
                ],
                "vcf": [
                    "reads_son.bam.g.vcf:md5,429406f5339e4d36691164be3ddfc27f"
                ]
            }
        ],
        "meta": {
            "nf-test": "0.9.2",
            "nextflow": "25.04.6"
        },
        "timestamp": "2025-09-28T00:06:15.627800973"
    }
}